// Jest Snapshot v1, https://goo.gl/fbAQLP

exports[`ListingDisplay renders correctly 1`] = `
<section>
  <a
    aria-current="page"
    className="sc-bdVaJa cQDaMj"
    href="/"
    onClick={[Function]}
  >
    Back to all opportunities
  </a>
  <span>
    <span
      className="css-19bon8n"
      style={
        Object {
          "animation": "animation-16jpnkj 1.2s ease-in-out infinite",
        }
      }
    >
      ‌
    </span>
  </span>
</section>
`;
